// Jest Snapshot v1, https://goo.gl/fbAQLP

exports[`generateFlagImage returns image data when successful 1`] = `
Blob {
  Symbol(kHandle): Blob {},
  Symbol(kLength): 2411,
  Symbol(kType): "image/svg+xml;charset=iso-8859-1",
}
`;
